// Jest Snapshot v1, https://goo.gl/fbAQLP

exports[`<SeProgram /> component renders component with props 1`] = `
Object {
  "props": Object {
    "title": "Now On",
  },
  "wrapper": <SeProgram__SeProgramContainer>
    <SeProgram__SeProgramTitle>
      Now On
    </SeProgram__SeProgramTitle>
    <SeProgram__SeProgramContent>
      <SeCard
        href="#"
        imgLogo={
          Object {
            "canInstrument": true,
            "createTransformer": [Function],
            "getCacheKey": [Function],
            "process": [Function],
          }
        }
        imgTile={
          Object {
            "canInstrument": true,
            "createTransformer": [Function],
            "getCacheKey": [Function],
            "process": [Function],
          }
        }
        key="Home and Away0"
        provider="Seven"
        title="Home and Away"
      />
      <SeCard
        href="#"
        imgLogo={
          Object {
            "canInstrument": true,
            "createTransformer": [Function],
            "getCacheKey": [Function],
            "process": [Function],
          }
        }
        imgTile={
          Object {
            "canInstrument": true,
            "createTransformer": [Function],
            "getCacheKey": [Function],
            "process": [Function],
          }
        }
        key="Home and Away1"
        provider="Seven"
        title="Home and Away"
      />
      <SeCard
        href="#"
        imgLogo={
          Object {
            "canInstrument": true,
            "createTransformer": [Function],
            "getCacheKey": [Function],
            "process": [Function],
          }
        }
        imgTile={
          Object {
            "canInstrument": true,
            "createTransformer": [Function],
            "getCacheKey": [Function],
            "process": [Function],
          }
        }
        key="Home and Away2"
        provider="Seven"
        title="Home and Away"
      />
      <SeCard
        href="#"
        imgLogo={
          Object {
            "canInstrument": true,
            "createTransformer": [Function],
            "getCacheKey": [Function],
            "process": [Function],
          }
        }
        imgTile={
          Object {
            "canInstrument": true,
            "createTransformer": [Function],
            "getCacheKey": [Function],
            "process": [Function],
          }
        }
        key="Home and Away3"
        provider="Seven"
        title="Home and Away"
      />
      <SeCard
        href="#"
        imgLogo={
          Object {
            "canInstrument": true,
            "createTransformer": [Function],
            "getCacheKey": [Function],
            "process": [Function],
          }
        }
        imgTile={
          Object {
            "canInstrument": true,
            "createTransformer": [Function],
            "getCacheKey": [Function],
            "process": [Function],
          }
        }
        key="Home and Away4"
        provider="Seven"
        title="Home and Away"
      />
      <SeCard
        href="#"
        imgLogo={
          Object {
            "canInstrument": true,
            "createTransformer": [Function],
            "getCacheKey": [Function],
            "process": [Function],
          }
        }
        imgTile={
          Object {
            "canInstrument": true,
            "createTransformer": [Function],
            "getCacheKey": [Function],
            "process": [Function],
          }
        }
        key="Home and Away5"
        provider="Seven"
        title="Home and Away"
      />
    </SeProgram__SeProgramContent>
  </SeProgram__SeProgramContainer>,
}
`;
