// Jest Snapshot v1, https://goo.gl/fbAQLP

exports[`<SeCard /> component renders component with props 1`] = `
Object {
  "props": Object {
    "imgLogo": Object {
      "canInstrument": true,
      "createTransformer": [Function],
      "getCacheKey": [Function],
      "process": [Function],
    },
    "imgTile": Object {
      "canInstrument": true,
      "createTransformer": [Function],
      "getCacheKey": [Function],
      "process": [Function],
    },
    "title": "Home and Away",
  },
  "wrapper": <SeCard__Card>
    <SeCard__CardClickable
      aria-label="Navigate to Home and Away page"
      href="#"
    >
      <SeCard__CardContent>
        <SeCard__CardImageResponsive>
          <SeCard__CardProgramImage
            alt="Card image"
            src={
              Object {
                "canInstrument": true,
                "createTransformer": [Function],
                "getCacheKey": [Function],
                "process": [Function],
              }
            }
          />
        </SeCard__CardImageResponsive>
        <SeCard__CardContentBottom>
          <SeCard__CardContentImg
            alt="Seven logo"
            src={
              Object {
                "canInstrument": true,
                "createTransformer": [Function],
                "getCacheKey": [Function],
                "process": [Function],
              }
            }
          />
          <SeCard__CardContentTitle>
            Home and Away
          </SeCard__CardContentTitle>
        </SeCard__CardContentBottom>
      </SeCard__CardContent>
    </SeCard__CardClickable>
  </SeCard__Card>,
}
`;

exports[`<SeCard /> component renders component with styles 1`] = `
.c0 {
  position: relative;
  width: 100%;
  padding-right: .5em;
  padding-left: .5em;
  margin-bottom: 2.5em;
  width: 25%;
  display: inline-block;
}

.c3 {
  width: 100%;
  position: absolute;
  top: 0;
  left: 0;
  z-index: 0;
}

.c1 {
  position: relative;
}

.c4 {
  background-color: rgb(0,0,0);
  background-color: rgba(0,0,0,0.6);
  height: 55px;
  padding: 0 6px;
  position: absolute;
  bottom: 0;
  left: 0;
  right: 0;
  display: -webkit-box;
  display: -webkit-flex;
  display: -ms-flexbox;
  display: flex;
  -webkit-align-items: center;
  -webkit-box-align: center;
  -ms-flex-align: center;
  align-items: center;
}

.c5 {
  width: 35px;
  height: 35px;
  margin-right: 6px;
}

.c6 {
  color: #fff;
  font-size: 16px;
  font-weight: 700;
}

.c2 {
  padding-top: 56.25%;
  height: 0;
  position: relative;
}

<div
  className="c0"
>
  <a
    aria-label="Navigate to Home Shopping page"
    className=""
    href="#"
  >
    <div
      className="c1"
    >
      <div
        className="c2"
      >
        <img
          alt="Card image"
          className="c3"
          src={
            Object {
              "canInstrument": true,
              "createTransformer": [Function],
              "getCacheKey": [Function],
              "process": [Function],
            }
          }
        />
      </div>
      <div
        className="c4"
      >
        <img
          alt="Seven logo"
          className="c5"
          src={
            Object {
              "canInstrument": true,
              "createTransformer": [Function],
              "getCacheKey": [Function],
              "process": [Function],
            }
          }
        />
        <p
          className="c6"
        >
          Home Shopping
        </p>
      </div>
    </div>
  </a>
</div>
`;
